// Vitest Snapshot v1, https://vitest.dev/guide/snapshot.html

exports[`Hero.vue > style block has not changed 1`] = `
"
h1 {
  font-size: 1.25rem;
  line-height: calc(100% * 1.1);
  margin: 0.5rem 0;
  font-weight: 600;
  letter-spacing: calc(1rem * 0.05 * 1.5);
  text-transform: lowercase;
  letter-spacing: 0.85rem;
  width: 100%;
  text-align: center;
  margin-top: calc(50vh - 3.2rem);
}
"
`;
