// Vitest Snapshot v1, https://vitest.dev/guide/snapshot.html

exports[`Trademark.vue > style block has not changed 1`] = `
"
p {
  font-size: 0.75rem;
  margin: 0 0 1rem 0;
  letter-spacing: 0.2rem;
  width: 100%;
  text-align: center;
}
p a {
  color: #888;
  text-decoration: none;
}
span {
  white-space: nowrap;
}
"
`;
